[0.007s] Invoking command in '/home/nayr/FishRos/ch3/topic_practice_ws/build/status_interfaces': /usr/bin/cmake /home/nayr/FishRos/ch3/topic_practice_ws/src/status_interfaces -DCMAKE_INSTALL_PREFIX=/home/nayr/FishRos/ch3/topic_practice_ws/install/status_interfaces
[0.033s] -- The C compiler identification is GNU 11.4.0
[0.058s] -- The CXX compiler identification is GNU 11.4.0
[0.061s] -- Detecting C compiler ABI info
[0.086s] -- Detecting C compiler ABI info - done
[0.089s] -- Check for working C compiler: /usr/bin/cc - skipped
[0.089s] -- Detecting C compile features
[0.089s] -- Detecting C compile features - done
[0.090s] -- Detecting CXX compiler ABI info
[0.119s] -- Detecting CXX compiler ABI info - done
[0.122s] -- Check for working CXX compiler: /usr/bin/c++ - skipped
[0.122s] -- Detecting CXX compile features
[0.123s] -- Detecting CXX compile features - done
[0.124s] -- Found ament_cmake: 1.3.12 (/opt/ros/humble/share/ament_cmake/cmake)
[0.182s] -- Found Python3: /usr/bin/python3 (found version "3.10.12") found components: Interpreter 
[0.214s] -- Found builtin_interfaces: 1.2.2 (/opt/ros/humble/share/builtin_interfaces/cmake)
[0.226s] -- Found rosidl_generator_c: 3.1.7 (/opt/ros/humble/share/rosidl_generator_c/cmake)
[0.228s] -- Found rosidl_adapter: 3.1.7 (/opt/ros/humble/share/rosidl_adapter/cmake)
[0.231s] -- Found rosidl_generator_cpp: 3.1.7 (/opt/ros/humble/share/rosidl_generator_cpp/cmake)
[0.236s] -- Using all available rosidl_typesupport_c: rosidl_typesupport_fastrtps_c;rosidl_typesupport_introspection_c
[0.241s] -- Using all available rosidl_typesupport_cpp: rosidl_typesupport_fastrtps_cpp;rosidl_typesupport_introspection_cpp
[0.246s] -- Found rosidl_default_generators: 1.2.0 (/opt/ros/humble/share/rosidl_default_generators/cmake)
[0.313s] Error parsing '/home/nayr/FishRos/ch3/topic_practice_ws/src/status_interfaces/package.xml':
[0.330s] Traceback (most recent call last):
[0.330s]   File "/usr/lib/python3/dist-packages/catkin_pkg/package.py", line 610, in parse_package_string
[0.331s]     root = dom.parseString(data)
[0.331s]   File "/usr/lib/python3.10/xml/dom/minidom.py", line 2000, in parseString
[0.331s]     return expatbuilder.parseString(string)
[0.331s]   File "/usr/lib/python3.10/xml/dom/expatbuilder.py", line 925, in parseString
[0.331s]     return builder.parseString(string)
[0.331s]   File "/usr/lib/python3.10/xml/dom/expatbuilder.py", line 223, in parseString
[0.331s]     parser.Parse(string, True)
[0.331s] xml.parsers.expat.ExpatError: mismatched tag: line 23, column 2
[0.331s] 
[0.331s] During handling of the above exception, another exception occurred:
[0.331s] 
[0.331s] Traceback (most recent call last):
[0.331s]   File "/opt/ros/humble/share/ament_cmake_core/cmake/core/package_xml_2_cmake.py", line 150, in <module>
[0.331s]     main()
[0.331s]   File "/opt/ros/humble/share/ament_cmake_core/cmake/core/package_xml_2_cmake.py", line 53, in main
[0.331s]     raise e
[0.331s]   File "/opt/ros/humble/share/ament_cmake_core/cmake/core/package_xml_2_cmake.py", line 49, in main
[0.331s]     package = parse_package_string(
[0.331s]   File "/usr/lib/python3/dist-packages/catkin_pkg/package.py", line 612, in parse_package_string
[0.331s]     raise InvalidPackage('The manifest contains invalid XML:\n%s' % ex, filename)
[0.331s] catkin_pkg.package.InvalidPackage: Error(s) in package '/home/nayr/FishRos/ch3/topic_practice_ws/src/status_interfaces/package.xml':
[0.331s] The manifest contains invalid XML:
[0.331s] mismatched tag: line 23, column 2
[0.338s] [31mCMake Error at /opt/ros/humble/share/ament_cmake_core/cmake/core/ament_package_xml.cmake:95 (message):
[0.338s]   execute_process(/usr/bin/python3
[0.338s]   /opt/ros/humble/share/ament_cmake_core/cmake/core/package_xml_2_cmake.py
[0.338s]   /home/nayr/FishRos/ch3/topic_practice_ws/src/status_interfaces/package.xml
[0.338s]   /home/nayr/FishRos/ch3/topic_practice_ws/build/status_interfaces/ament_cmake_core/package.cmake)
[0.338s]   returned error code 1
[0.338s] Call Stack (most recent call first):
[0.338s]   /opt/ros/humble/share/ament_cmake_core/cmake/core/ament_package_xml.cmake:49 (_ament_package_xml)
[0.338s]   /opt/ros/humble/share/rosidl_cmake/cmake/rosidl_generate_interfaces.cmake:226 (ament_package_xml)
[0.338s]   CMakeLists.txt:13 (rosidl_generate_interfaces)
[0.338s] 
[0.338s] [0m
[0.338s] -- Configuring incomplete, errors occurred!
[0.338s] See also "/home/nayr/FishRos/ch3/topic_practice_ws/build/status_interfaces/CMakeFiles/CMakeOutput.log".
[0.341s] Invoked command in '/home/nayr/FishRos/ch3/topic_practice_ws/build/status_interfaces' returned '1': /usr/bin/cmake /home/nayr/FishRos/ch3/topic_practice_ws/src/status_interfaces -DCMAKE_INSTALL_PREFIX=/home/nayr/FishRos/ch3/topic_practice_ws/install/status_interfaces
