[0.000000] (-) TimerEvent: {}
[0.000335] (status_interfaces) JobQueued: {'identifier': 'status_interfaces', 'dependencies': OrderedDict()}
[0.000348] (status_interfaces) JobStarted: {'identifier': 'status_interfaces'}
[0.002984] (status_interfaces) JobProgress: {'identifier': 'status_interfaces', 'progress': 'cmake'}
[0.003308] (status_interfaces) Command: {'cmd': ['/usr/bin/cmake', '/home/nayr/FishRos/ch3/topic_practice_ws/src/status_interfaces', '-DCMAKE_INSTALL_PREFIX=/home/nayr/FishRos/ch3/topic_practice_ws/install/status_interfaces'], 'cwd': '/home/nayr/FishRos/ch3/topic_practice_ws/build/status_interfaces', 'env': OrderedDict([('GJS_DEBUG_TOPICS', 'JS ERROR;JS LOG'), ('PYTHON_BASIC_REPL', '1'), ('LESSOPEN', '| /usr/bin/lesspipe %s'), ('USER', 'nayr'), ('XDG_SESSION_TYPE', 'wayland'), ('GIT_ASKPASS', '/usr/share/code/resources/app/extensions/git/dist/askpass.sh'), ('SHLVL', '2'), ('LD_LIBRARY_PATH', '/opt/ros/humble/opt/rviz_ogre_vendor/lib:/opt/ros/humble/lib/aarch64-linux-gnu:/opt/ros/humble/lib'), ('HOME', '/home/nayr'), ('CHROME_DESKTOP', 'code.desktop'), ('OLDPWD', '/home/nayr/FishRos/ch3/topic_practice_ws/src'), ('TERM_PROGRAM_VERSION', '1.103.1'), ('DESKTOP_SESSION', 'ubuntu'), ('GIO_LAUNCHED_DESKTOP_FILE', '/usr/share/applications/terminator.desktop'), ('ROS_PYTHON_VERSION', '3'), ('GNOME_SHELL_SESSION_MODE', 'ubuntu'), ('GTK_MODULES', 'gail:atk-bridge'), ('VSCODE_GIT_ASKPASS_MAIN', '/usr/share/code/resources/app/extensions/git/dist/askpass-main.js'), ('VSCODE_GIT_ASKPASS_NODE', '/usr/share/code/code'), ('MANAGERPID', '1433'), ('PYDEVD_DISABLE_FILE_VALIDATION', '1'), ('SYSTEMD_EXEC_PID', '1544'), ('BUNDLED_DEBUGPY_PATH', '/home/nayr/.vscode/extensions/ms-python.debugpy-2025.10.0-linux-arm64/bundled/libs/debugpy'), ('DBUS_SESSION_BUS_ADDRESS', 'unix:path=/run/user/1000/bus'), ('COLORTERM', 'truecolor'), ('TERMINATOR_DBUS_NAME', 'net.tenshu.Terminator25ef4b219e3b005583550f2b0f9f990c3'), ('GIO_LAUNCHED_DESKTOP_FILE_PID', '2018'), ('IM_CONFIG_PHASE', '1'), ('WAYLAND_DISPLAY', 'wayland-0'), ('ROS_DISTRO', 'humble'), ('LOGNAME', 'nayr'), ('JOURNAL_STREAM', '8:26212'), ('_', '/usr/bin/colcon'), ('ROS_VERSION', '2'), ('XDG_SESSION_CLASS', 'user'), ('USERNAME', 'nayr'), ('TERM', 'xterm-256color'), ('GNOME_DESKTOP_SESSION_ID', 'this-is-deprecated'), ('ROS_LOCALHOST_ONLY', '0'), ('PATH', '/opt/ros/humble/bin:/usr/local/sbin:/usr/local/bin:/usr/sbin:/usr/bin:/sbin:/bin:/usr/games:/usr/local/games:/snap/bin:/snap/bin:/home/nayr/.vscode/extensions/ms-python.debugpy-2025.10.0-linux-arm64/bundled/scripts/noConfigScripts'), ('SESSION_MANAGER', 'local/nayr:@/tmp/.ICE-unix/1520,unix/nayr:/tmp/.ICE-unix/1520'), ('INVOCATION_ID', '39fc989c3d67462796d069d0c2ef96c7'), ('XDG_MENU_PREFIX', 'gnome-'), ('GNOME_SETUP_DISPLAY', ':1'), ('XDG_RUNTIME_DIR', '/run/user/1000'), ('GDK_BACKEND', 'x11'), ('DISPLAY', ':0'), ('VSCODE_DEBUGPY_ADAPTER_ENDPOINTS', '/home/nayr/.vscode/extensions/ms-python.debugpy-2025.10.0-linux-arm64/.noConfigDebugAdapterEndpoints/endpoint-15d08ebb3dfb899a.txt'), ('TERMINATOR_DBUS_PATH', '/net/tenshu/Terminator2'), ('LANG', 'en_US.UTF-8'), ('XDG_CURRENT_DESKTOP', 'Unity'), ('PYTHONSTARTUP', '/home/nayr/.config/Code/User/workspaceStorage/04e0f5a51a088a39c831d49f6117784b/ms-python.python/pythonrc.py'), ('IBUS_DISABLE_SNOOPER', '1'), ('XMODIFIERS', '@im=ibus'), ('XDG_SESSION_DESKTOP', 'ubuntu'), ('XAUTHORITY', '/run/user/1000/.mutter-Xwaylandauth.FPIHD3'), ('LS_COLORS', 'rs=0:di=01;34:ln=01;36:mh=00:pi=40;33:so=01;35:do=01;35:bd=40;33;01:cd=40;33;01:or=40;31;01:mi=00:su=37;41:sg=30;43:ca=30;41:tw=30;42:ow=34;42:st=37;44:ex=01;32:*.tar=01;31:*.tgz=01;31:*.arc=01;31:*.arj=01;31:*.taz=01;31:*.lha=01;31:*.lz4=01;31:*.lzh=01;31:*.lzma=01;31:*.tlz=01;31:*.txz=01;31:*.tzo=01;31:*.t7z=01;31:*.zip=01;31:*.z=01;31:*.dz=01;31:*.gz=01;31:*.lrz=01;31:*.lz=01;31:*.lzo=01;31:*.xz=01;31:*.zst=01;31:*.tzst=01;31:*.bz2=01;31:*.bz=01;31:*.tbz=01;31:*.tbz2=01;31:*.tz=01;31:*.deb=01;31:*.rpm=01;31:*.jar=01;31:*.war=01;31:*.ear=01;31:*.sar=01;31:*.rar=01;31:*.alz=01;31:*.ace=01;31:*.zoo=01;31:*.cpio=01;31:*.7z=01;31:*.rz=01;31:*.cab=01;31:*.wim=01;31:*.swm=01;31:*.dwm=01;31:*.esd=01;31:*.jpg=01;35:*.jpeg=01;35:*.mjpg=01;35:*.mjpeg=01;35:*.gif=01;35:*.bmp=01;35:*.pbm=01;35:*.pgm=01;35:*.ppm=01;35:*.tga=01;35:*.xbm=01;35:*.xpm=01;35:*.tif=01;35:*.tiff=01;35:*.png=01;35:*.svg=01;35:*.svgz=01;35:*.mng=01;35:*.pcx=01;35:*.mov=01;35:*.mpg=01;35:*.mpeg=01;35:*.m2v=01;35:*.mkv=01;35:*.webm=01;35:*.webp=01;35:*.ogm=01;35:*.mp4=01;35:*.m4v=01;35:*.mp4v=01;35:*.vob=01;35:*.qt=01;35:*.nuv=01;35:*.wmv=01;35:*.asf=01;35:*.rm=01;35:*.rmvb=01;35:*.flc=01;35:*.avi=01;35:*.fli=01;35:*.flv=01;35:*.gl=01;35:*.dl=01;35:*.xcf=01;35:*.xwd=01;35:*.yuv=01;35:*.cgm=01;35:*.emf=01;35:*.ogv=01;35:*.ogx=01;35:*.aac=00;36:*.au=00;36:*.flac=00;36:*.m4a=00;36:*.mid=00;36:*.midi=00;36:*.mka=00;36:*.mp3=00;36:*.mpc=00;36:*.ogg=00;36:*.ra=00;36:*.wav=00;36:*.oga=00;36:*.opus=00;36:*.spx=00;36:*.xspf=00;36:'), ('VSCODE_GIT_IPC_HANDLE', '/run/user/1000/vscode-git-6933717327.sock'), ('TERM_PROGRAM', 'vscode'), ('SSH_AGENT_LAUNCHER', 'gnome-keyring'), ('SSH_AUTH_SOCK', '/run/user/1000/keyring/ssh'), ('AMENT_PREFIX_PATH', '/opt/ros/humble'), ('ORIGINAL_XDG_CURRENT_DESKTOP', 'ubuntu:GNOME'), ('SHELL', '/bin/bash'), ('TERMINATOR_UUID', 'urn:uuid:6c0eda6d-ccc5-4e2b-8111-b566e08bc0d3'), ('QT_ACCESSIBILITY', '1'), ('GDMSESSION', 'ubuntu'), ('LESSCLOSE', '/usr/bin/lesspipe %s %s'), ('GJS_DEBUG_OUTPUT', 'stderr'), ('VSCODE_GIT_ASKPASS_EXTRA_ARGS', ''), ('QT_IM_MODULE', 'ibus'), ('PWD', '/home/nayr/FishRos/ch3/topic_practice_ws/build/status_interfaces'), ('LC_ALL', 'en_US.UTF-8'), ('XDG_CONFIG_DIRS', '/etc/xdg/xdg-ubuntu:/etc/xdg'), ('XDG_DATA_DIRS', '/usr/share/ubuntu:/usr/local/share/:/usr/share/:/var/lib/snapd/desktop'), ('PYTHONPATH', '/opt/ros/humble/lib/python3.10/site-packages:/opt/ros/humble/local/lib/python3.10/dist-packages'), ('COLCON', '1'), ('VTE_VERSION', '6800')]), 'shell': False}
[0.033318] (status_interfaces) StdoutLine: {'line': b'-- The C compiler identification is GNU 11.4.0\n'}
[0.057994] (status_interfaces) StdoutLine: {'line': b'-- The CXX compiler identification is GNU 11.4.0\n'}
[0.061575] (status_interfaces) StdoutLine: {'line': b'-- Detecting C compiler ABI info\n'}
[0.086085] (status_interfaces) StdoutLine: {'line': b'-- Detecting C compiler ABI info - done\n'}
[0.089204] (status_interfaces) StdoutLine: {'line': b'-- Check for working C compiler: /usr/bin/cc - skipped\n'}
[0.089326] (status_interfaces) StdoutLine: {'line': b'-- Detecting C compile features\n'}
[0.089542] (status_interfaces) StdoutLine: {'line': b'-- Detecting C compile features - done\n'}
[0.090759] (status_interfaces) StdoutLine: {'line': b'-- Detecting CXX compiler ABI info\n'}
[0.099896] (-) TimerEvent: {}
[0.119300] (status_interfaces) StdoutLine: {'line': b'-- Detecting CXX compiler ABI info - done\n'}
[0.122477] (status_interfaces) StdoutLine: {'line': b'-- Check for working CXX compiler: /usr/bin/c++ - skipped\n'}
[0.122626] (status_interfaces) StdoutLine: {'line': b'-- Detecting CXX compile features\n'}
[0.122845] (status_interfaces) StdoutLine: {'line': b'-- Detecting CXX compile features - done\n'}
[0.123973] (status_interfaces) StdoutLine: {'line': b'-- Found ament_cmake: 1.3.12 (/opt/ros/humble/share/ament_cmake/cmake)\n'}
[0.182498] (status_interfaces) StdoutLine: {'line': b'-- Found Python3: /usr/bin/python3 (found version "3.10.12") found components: Interpreter \n'}
[0.200524] (-) TimerEvent: {}
[0.214242] (status_interfaces) StdoutLine: {'line': b'-- Found builtin_interfaces: 1.2.2 (/opt/ros/humble/share/builtin_interfaces/cmake)\n'}
[0.226592] (status_interfaces) StdoutLine: {'line': b'-- Found rosidl_generator_c: 3.1.7 (/opt/ros/humble/share/rosidl_generator_c/cmake)\n'}
[0.228446] (status_interfaces) StdoutLine: {'line': b'-- Found rosidl_adapter: 3.1.7 (/opt/ros/humble/share/rosidl_adapter/cmake)\n'}
[0.231455] (status_interfaces) StdoutLine: {'line': b'-- Found rosidl_generator_cpp: 3.1.7 (/opt/ros/humble/share/rosidl_generator_cpp/cmake)\n'}
[0.235944] (status_interfaces) StdoutLine: {'line': b'-- Using all available rosidl_typesupport_c: rosidl_typesupport_fastrtps_c;rosidl_typesupport_introspection_c\n'}
[0.241641] (status_interfaces) StdoutLine: {'line': b'-- Using all available rosidl_typesupport_cpp: rosidl_typesupport_fastrtps_cpp;rosidl_typesupport_introspection_cpp\n'}
[0.246675] (status_interfaces) StdoutLine: {'line': b'-- Found rosidl_default_generators: 1.2.0 (/opt/ros/humble/share/rosidl_default_generators/cmake)\n'}
[0.301283] (-) TimerEvent: {}
[0.312996] (status_interfaces) StderrLine: {'line': b"Error parsing '/home/nayr/FishRos/ch3/topic_practice_ws/src/status_interfaces/package.xml':\n"}
[0.330674] (status_interfaces) StderrLine: {'line': b'Traceback (most recent call last):\n'}
[0.330762] (status_interfaces) StderrLine: {'line': b'  File "/usr/lib/python3/dist-packages/catkin_pkg/package.py", line 610, in parse_package_string\n'}
[0.330838] (status_interfaces) StderrLine: {'line': b'    root = dom.parseString(data)\n'}
[0.330859] (status_interfaces) StderrLine: {'line': b'  File "/usr/lib/python3.10/xml/dom/minidom.py", line 2000, in parseString\n'}
[0.330908] (status_interfaces) StderrLine: {'line': b'    return expatbuilder.parseString(string)\n'}
[0.330940] (status_interfaces) StderrLine: {'line': b'  File "/usr/lib/python3.10/xml/dom/expatbuilder.py", line 925, in parseString\n'}
[0.331043] (status_interfaces) StderrLine: {'line': b'    return builder.parseString(string)\n'}
[0.331082] (status_interfaces) StderrLine: {'line': b'  File "/usr/lib/python3.10/xml/dom/expatbuilder.py", line 223, in parseString\n'}
[0.331112] (status_interfaces) StderrLine: {'line': b'    parser.Parse(string, True)\n'}
[0.331162] (status_interfaces) StderrLine: {'line': b'xml.parsers.expat.ExpatError: mismatched tag: line 23, column 2\n'}
[0.331180] (status_interfaces) StderrLine: {'line': b'\n'}
[0.331198] (status_interfaces) StderrLine: {'line': b'During handling of the above exception, another exception occurred:\n'}
[0.331216] (status_interfaces) StderrLine: {'line': b'\n'}
[0.331233] (status_interfaces) StderrLine: {'line': b'Traceback (most recent call last):\n'}
[0.331251] (status_interfaces) StderrLine: {'line': b'  File "/opt/ros/humble/share/ament_cmake_core/cmake/core/package_xml_2_cmake.py", line 150, in <module>\n'}
[0.331269] (status_interfaces) StderrLine: {'line': b'    main()\n'}
[0.331287] (status_interfaces) StderrLine: {'line': b'  File "/opt/ros/humble/share/ament_cmake_core/cmake/core/package_xml_2_cmake.py", line 53, in main\n'}
[0.331304] (status_interfaces) StderrLine: {'line': b'    raise e\n'}
[0.331321] (status_interfaces) StderrLine: {'line': b'  File "/opt/ros/humble/share/ament_cmake_core/cmake/core/package_xml_2_cmake.py", line 49, in main\n'}
[0.331339] (status_interfaces) StderrLine: {'line': b'    package = parse_package_string(\n'}
[0.331357] (status_interfaces) StderrLine: {'line': b'  File "/usr/lib/python3/dist-packages/catkin_pkg/package.py", line 612, in parse_package_string\n'}
[0.331374] (status_interfaces) StderrLine: {'line': b"    raise InvalidPackage('The manifest contains invalid XML:\\n%s' % ex, filename)\n"}
[0.331391] (status_interfaces) StderrLine: {'line': b"catkin_pkg.package.InvalidPackage: Error(s) in package '/home/nayr/FishRos/ch3/topic_practice_ws/src/status_interfaces/package.xml':\n"}
[0.331409] (status_interfaces) StderrLine: {'line': b'The manifest contains invalid XML:\n'}
[0.331426] (status_interfaces) StderrLine: {'line': b'mismatched tag: line 23, column 2\n'}
[0.338120] (status_interfaces) StderrLine: {'line': b'\x1b[31mCMake Error at /opt/ros/humble/share/ament_cmake_core/cmake/core/ament_package_xml.cmake:95 (message):\n'}
[0.338183] (status_interfaces) StderrLine: {'line': b'  execute_process(/usr/bin/python3\n'}
[0.338202] (status_interfaces) StderrLine: {'line': b'  /opt/ros/humble/share/ament_cmake_core/cmake/core/package_xml_2_cmake.py\n'}
[0.338222] (status_interfaces) StderrLine: {'line': b'  /home/nayr/FishRos/ch3/topic_practice_ws/src/status_interfaces/package.xml\n'}
[0.338244] (status_interfaces) StderrLine: {'line': b'  /home/nayr/FishRos/ch3/topic_practice_ws/build/status_interfaces/ament_cmake_core/package.cmake)\n'}
[0.338269] (status_interfaces) StderrLine: {'line': b'  returned error code 1\n'}
[0.338324] (status_interfaces) StderrLine: {'line': b'Call Stack (most recent call first):\n'}
[0.338342] (status_interfaces) StderrLine: {'line': b'  /opt/ros/humble/share/ament_cmake_core/cmake/core/ament_package_xml.cmake:49 (_ament_package_xml)\n'}
[0.338362] (status_interfaces) StderrLine: {'line': b'  /opt/ros/humble/share/rosidl_cmake/cmake/rosidl_generate_interfaces.cmake:226 (ament_package_xml)\n'}
[0.338380] (status_interfaces) StderrLine: {'line': b'  CMakeLists.txt:13 (rosidl_generate_interfaces)\n'}
[0.338405] (status_interfaces) StderrLine: {'line': b'\n'}
[0.338424] (status_interfaces) StderrLine: {'line': b'\x1b[0m\n'}
[0.338441] (status_interfaces) StdoutLine: {'line': b'-- Configuring incomplete, errors occurred!\n'}
[0.338465] (status_interfaces) StdoutLine: {'line': b'See also "/home/nayr/FishRos/ch3/topic_practice_ws/build/status_interfaces/CMakeFiles/CMakeOutput.log".\n'}
[0.341330] (status_interfaces) CommandEnded: {'returncode': 1}
[0.341653] (status_interfaces) JobEnded: {'identifier': 'status_interfaces', 'rc': 1}
[0.352092] (-) EventReactorShutdown: {}
